/*
 * Copyright (C) 2026 Marco Fortina
 * SPDX-License-Identifier: AGPL-3.0-or-later
 */

LIBRDP_0.1 {
    global:
        librdp_client_config_init;
        librdp_client_new;
        librdp_client_free;
        librdp_client_settings;
        librdp_client_session;
        librdp_client_connect;
        librdp_client_dispatch;
        librdp_client_cancel;
        librdp_client_disconnect;
        librdp_client_state;
        librdp_client_lifecycle;
        librdp_limits_init;
        librdp_metrics_init;
        librdp_session_get_metrics;
        librdp_session_reset_metrics;
        librdp_settings_get_limits;
        librdp_settings_set_limits;
        librdp_session_video_capture_send_sample;
        librdp_session_video_capture_send_error;
        librdp_session_clipboard_set_data;
        librdp_session_clipboard_set_files;
        librdp_session_clipboard_clear;
        librdp_session_clipboard_request_data;
        librdp_session_clipboard_request_file_size;
        librdp_session_clipboard_request_file_range;
        librdp_session_audio_input_open_reply;
        librdp_session_audio_input_send_data;
        librdp_session_audio_input_send_format_change;
        librdp_surface_new;
        librdp_surface_free;
        librdp_surface_resize;
        librdp_surface_blit_bgra32;
        librdp_surface_width;
        librdp_surface_height;
        librdp_surface_stride;
        librdp_surface_format;
        librdp_surface_pixels;
        librdp_surface_pixels_mut;
        librdp_session_new;
        librdp_session_free;
        librdp_session_set_event_callback;
        librdp_trace_policy_init;
        librdp_session_set_trace_policy;
        librdp_session_connect;
        librdp_session_run_once;
        librdp_session_cancel;
        librdp_session_get_pollfds;
        librdp_session_notify_poll;
        librdp_session_dispatch_pending;
        librdp_session_get_next_timeout;
        librdp_session_disconnect;
        librdp_session_resize;
        librdp_session_set_display_layout;
        librdp_session_refresh;
        librdp_session_send_key;
        librdp_session_send_mouse;
        librdp_session_send_touch;
        librdp_session_send_pen;
        librdp_session_dismiss_touch;
        librdp_session_get_state;
        librdp_session_get_lifecycle;
        librdp_session_last_error;
        librdp_session_clear_last_error;
        librdp_session_get_feature_status;
        librdp_session_get_surface;
        librdp_error_info_init;
        librdp_error_copy_info;
        librdp_error_component_name;
        librdp_status_name;
        librdp_status_description;
        librdp_status_string;
        librdp_session_channel_send;
        librdp_session_channel_close;
        librdp_credentials_init;
        librdp_credentials_clear;
        librdp_credentials_set;
        librdp_drive_policy_init;
        librdp_usb_policy_init;
        librdp_settings_new;
        librdp_settings_clone;
        librdp_settings_free;
        librdp_settings_set_target;
        librdp_settings_set_username;
        librdp_settings_set_password;
        librdp_settings_set_domain;
        librdp_settings_set_credentials;
        librdp_settings_set_credentials_provider;
        librdp_settings_set_port;
        librdp_settings_set_desktop_size;
        librdp_settings_set_security_mode;
        librdp_tls_policy_init;
        librdp_settings_set_tls_policy;
        librdp_settings_get_tls_policy;
        librdp_settings_add_drive;
        librdp_settings_set_drive_policy;
        librdp_settings_get_drive_policy;
        librdp_settings_add_serial_port;
        librdp_settings_add_parallel_port;
        librdp_settings_add_printer;
        librdp_settings_enable_feature;
        librdp_settings_feature_enabled;
        librdp_settings_get_feature_status;
        librdp_settings_set_audio_output_device;
        librdp_settings_set_audio_input_device;
        librdp_settings_set_video_output_path;
        librdp_settings_add_camera;
        librdp_settings_add_smartcard;
        librdp_settings_add_usb_device;
        librdp_settings_set_usb_policy;
        librdp_settings_get_usb_policy;
        librdp_settings_add_pnp_device;
        librdp_settings_set_webauthn_provider;
        librdp_settings_add_rail_app;
        librdp_settings_set_echo_payload;
        librdp_settings_drive_count;
        librdp_settings_drive_name;
        librdp_settings_drive_path;
        librdp_settings_serial_port_count;
        librdp_settings_serial_port_name;
        librdp_settings_serial_port_path;
        librdp_settings_parallel_port_count;
        librdp_settings_parallel_port_name;
        librdp_settings_parallel_port_path;
        librdp_settings_printer_count;
        librdp_settings_printer_name;
        librdp_settings_printer_driver;
        librdp_settings_printer_output_path;
        librdp_settings_audio_output_device;
        librdp_settings_audio_input_device;
        librdp_settings_video_output_path;
        librdp_settings_camera_count;
        librdp_settings_camera_source;
        librdp_settings_smartcard_count;
        librdp_settings_smartcard_source;
        librdp_settings_usb_device_count;
        librdp_settings_usb_device_selector;
        librdp_settings_pnp_device_count;
        librdp_settings_pnp_device_hardware_id;
        librdp_settings_pnp_device_compatibility_id;
        librdp_settings_pnp_device_description;
        librdp_settings_pnp_device_caps;
        librdp_settings_webauthn_provider;
        librdp_settings_rail_app_count;
        librdp_settings_rail_app;
        librdp_settings_echo_payload;
        librdp_settings_target;
        librdp_settings_username;
        librdp_settings_domain;
        librdp_settings_port;
        librdp_settings_width;
        librdp_settings_height;
        librdp_settings_security_mode;
    local:
        *;
};
